{
    "items": [
        {
            "identifier": "ef6e13ef-f601-4e74-bae8-bdf8f41cd8db",
            "title": "RESTful Webservices in Symfony",
            "workshop_date": "2021-12-07",
            "attendees": [
                {
                    "identifier": "2a451d60-2fef-437b-838e-10edb2ade8eb",
                    "firstname": "Jan",
                    "lastname": "Sch\u00e4dlich",
                    "email": "jan.schadlich@siemens.com",
                    "workshops": [
                        "RESTful Webservices in Symfony"
                    ],
                    "_links": {
                        "self": {
                            "href": "\/attendees\/2a451d60-2fef-437b-838e-10edb2ade8eb"
                        },
                        "collection": {
                            "href": "\/attendees"
                        }
                    }
                }
            ],
            "_links": {
                "self": {
                    "href": "\/workshops\/ef6e13ef-f601-4e74-bae8-bdf8f41cd8db"
                },
                "collection": {
                    "href": "\/workshops"
                }
            }
        }
    ],
    "total": 1,
    "count": 1,
    "_links": {
        "self": {
            "href": "\/workshops?page=1&size=10"
        }
    }
}
